â•”â•â•â•â•â•â•â•â•â•â•â•â•â•â•â•â•â•â•â•â•â•â•â•â•â•â•â•â•â•â•â•â•â•â•â•â•â•â•â•â•â•â•â•â•â•â•â•â•â•â•â•â•â•â•â•â•—
â•‘     GATEKEEPER - Quick Demo (No Errors!)             â•‘
â•šâ•â•â•â•â•â•â•â•â•â•â•â•â•â•â•â•â•â•â•â•â•â•â•â•â•â•â•â•â•â•â•â•â•â•â•â•â•â•â•â•â•â•â•â•â•â•â•â•â•â•â•â•â•â•â•â•

ğŸ¯ Ğ¡Ğ¦Ğ•ĞĞĞ Ğ†Ğ™ 1: Ğ¢Ñ–Ğ»ÑŒĞºĞ¸ Go CLI (5 Ñ…Ğ²Ğ¸Ğ»Ğ¸Ğ½)
â”€â”€â”€â”€â”€â”€â”€â”€â”€â”€â”€â”€â”€â”€â”€â”€â”€â”€â”€â”€â”€â”€â”€â”€â”€â”€â”€â”€â”€â”€â”€â”€â”€â”€â”€â”€â”€â”€â”€â”€â”€â”€â”€â”€â”€â”€â”€â”€â”€â”€â”€â”€â”€â”€â”€â”€

$ ./build.sh --cli --install

âœ… Ğ ĞµĞ·ÑƒĞ»ÑŒÑ‚Ğ°Ñ‚:
  â€¢ Binary: ~/.local/bin/gatekeeper
  â€¢ Config: ~/.config/gatekeeper/config.yaml
  â€¢ Helper: ~/.local/bin/gatekeeper-tmux
  â€¢ Status: âœ… All installed

$ gatekeeper status
AWS: âŒ dead
GitHub: âœ… alive


ğŸ¯ Ğ¡Ğ¦Ğ•ĞĞĞ Ğ†Ğ™ 2: Ğ— macOS App + Widget
â”€â”€â”€â”€â”€â”€â”€â”€â”€â”€â”€â”€â”€â”€â”€â”€â”€â”€â”€â”€â”€â”€â”€â”€â”€â”€â”€â”€â”€â”€â”€â”€â”€â”€â”€â”€â”€â”€â”€â”€â”€â”€â”€â”€â”€â”€â”€â”€â”€â”€â”€â”€â”€â”€â”€â”€

Ğ‘ĞµĞ· Xcode:
$ ./build.sh --app

âœ… Ğ ĞµĞ·ÑƒĞ»ÑŒÑ‚Ğ°Ñ‚:
  â„¹ï¸  Clear step-by-step instructions
  â€¢ Install Xcode
  â€¢ Open project
  â€¢ Build in Xcode
  â€¢ Run & add widgets


Ğ— Xcode (Ğ¿Ñ–ÑĞ»Ñ Ğ²ÑÑ‚Ğ°Ğ½Ğ¾Ğ²Ğ»ĞµĞ½Ğ½Ñ):
$ ./build.sh --app

âœ… Ğ ĞµĞ·ÑƒĞ»ÑŒÑ‚Ğ°Ñ‚:
  âœ… Built Gatekeeper.app
  â€¢ Opens folder with app
  â€¢ Ready to launch


ğŸ¯ Ğ¡Ğ¦Ğ•ĞĞĞ Ğ†Ğ™ 3: Clean Rebuild
â”€â”€â”€â”€â”€â”€â”€â”€â”€â”€â”€â”€â”€â”€â”€â”€â”€â”€â”€â”€â”€â”€â”€â”€â”€â”€â”€â”€â”€â”€â”€â”€â”€â”€â”€â”€â”€â”€â”€â”€â”€â”€â”€â”€â”€â”€â”€â”€â”€â”€â”€â”€â”€â”€â”€â”€

$ ./build.sh --clean --cli

âœ… Ğ ĞµĞ·ÑƒĞ»ÑŒÑ‚Ğ°Ñ‚:
  âœ… Cleaned build artifacts
  âœ… Built gatekeeper (5.9M)
  âœ… Installed to ~/.local/bin


ğŸ¯ Ğ¡Ğ¦Ğ•ĞĞĞ Ğ†Ğ™ 4: ĞŸĞµÑ€ĞµĞ²Ñ–Ñ€ĞºĞ°
â”€â”€â”€â”€â”€â”€â”€â”€â”€â”€â”€â”€â”€â”€â”€â”€â”€â”€â”€â”€â”€â”€â”€â”€â”€â”€â”€â”€â”€â”€â”€â”€â”€â”€â”€â”€â”€â”€â”€â”€â”€â”€â”€â”€â”€â”€â”€â”€â”€â”€â”€â”€â”€â”€â”€â”€

$ ./build.sh --test

âœ… Ğ ĞµĞ·ÑƒĞ»ÑŒÑ‚Ğ°Ñ‚:
  âœ… Binary installed at: ~/.local/bin/gatekeeper
  âœ… Config created at: ~/.config/gatekeeper/config.yaml
  âœ… tmux helper installed at: ~/.local/bin/gatekeeper-tmux
  
  Next steps:
  1. Edit config: nano ~/.config/gatekeeper/config.yaml
  2. Start daemon: gatekeeper daemon
  3. Check status: gatekeeper status --compact


âœ¨ ĞšĞ›Ğ®Ğ§ĞĞ’Ğ† ĞœĞĞœĞ•ĞĞ¢Ğ˜
â•â•â•â•â•â•â•â•â•â•â•â•â•â•â•â•â•â•â•â•â•â•â•â•â•â•â•â•â•â•â•â•â•â•â•â•â•â•â•â•â•â•â•â•â•â•â•â•â•â•â•â•â•â•â•â•

âœ… ĞĞµĞ¼Ğ°Ñ” Ğ¿Ğ¾Ğ¼Ğ¸Ğ»Ğ¾Ğº Ğ¿Ñ€Ğ¾ xcodebuild
âœ… Ğ§Ñ–Ñ‚ĞºÑ– Ñ–Ğ½ÑÑ‚Ñ€ÑƒĞºÑ†Ñ–Ñ— Ğ·Ğ°Ğ¼Ñ–ÑÑ‚ÑŒ Ğ¿Ğ¾Ğ¼Ğ¸Ğ»Ğ¾Ğº
âœ… Ğ¡Ğ»Ñ–Ğ´Ğ¸Ñ‚Ğ¸ Ğ·Ğ° "Next steps"
âœ… ĞŸÑ€Ğ¾ÑÑ‚Ğ¸Ğ¹ Ğ¾Ğ´Ğ½Ğ°-ĞºĞ¾Ğ¼Ğ°Ğ½Ğ´Ğ° Ğ±Ñ–Ğ»Ğ´Ğ°

Ğ‘Ñ–Ğ»ÑŒÑˆĞµ: ./build.sh --help
